Archive member included to satisfy reference by file (symbol)

c:/st/stm32cubeide_1.4.0/stm32cubeide/plugins/com.st.stm32cube.ide.mcu.externaltools.gnu-tools-for-stm32.7-2018-q2-update.win32_1.4.0.202007081208/tools/bin/../lib/gcc/arm-none-eabi/7.3.1/../../../../arm-none-eabi/lib/thumb/v7-m\libc_nano.a(lib_a-errno.o)
                              Src/syscalls.o (__errno)
c:/st/stm32cubeide_1.4.0/stm32cubeide/plugins/com.st.stm32cube.ide.mcu.externaltools.gnu-tools-for-stm32.7-2018-q2-update.win32_1.4.0.202007081208/tools/bin/../lib/gcc/arm-none-eabi/7.3.1/../../../../arm-none-eabi/lib/thumb/v7-m\libc_nano.a(lib_a-exit.o)
                              c:/st/stm32cubeide_1.4.0/stm32cubeide/plugins/com.st.stm32cube.ide.mcu.externaltools.gnu-tools-for-stm32.7-2018-q2-update.win32_1.4.0.202007081208/tools/bin/../lib/gcc/arm-none-eabi/7.3.1/../../../../arm-none-eabi/lib/thumb/v7-m/crt0.o (exit)
c:/st/stm32cubeide_1.4.0/stm32cubeide/plugins/com.st.stm32cube.ide.mcu.externaltools.gnu-tools-for-stm32.7-2018-q2-update.win32_1.4.0.202007081208/tools/bin/../lib/gcc/arm-none-eabi/7.3.1/../../../../arm-none-eabi/lib/thumb/v7-m\libc_nano.a(lib_a-impure.o)
                              c:/st/stm32cubeide_1.4.0/stm32cubeide/plugins/com.st.stm32cube.ide.mcu.externaltools.gnu-tools-for-stm32.7-2018-q2-update.win32_1.4.0.202007081208/tools/bin/../lib/gcc/arm-none-eabi/7.3.1/../../../../arm-none-eabi/lib/thumb/v7-m\libc_nano.a(lib_a-exit.o) (_global_impure_ptr)
c:/st/stm32cubeide_1.4.0/stm32cubeide/plugins/com.st.stm32cube.ide.mcu.externaltools.gnu-tools-for-stm32.7-2018-q2-update.win32_1.4.0.202007081208/tools/bin/../lib/gcc/arm-none-eabi/7.3.1/../../../../arm-none-eabi/lib/thumb/v7-m\libc_nano.a(lib_a-init.o)
                              c:/st/stm32cubeide_1.4.0/stm32cubeide/plugins/com.st.stm32cube.ide.mcu.externaltools.gnu-tools-for-stm32.7-2018-q2-update.win32_1.4.0.202007081208/tools/bin/../lib/gcc/arm-none-eabi/7.3.1/../../../../arm-none-eabi/lib/thumb/v7-m/crt0.o (__libc_init_array)
c:/st/stm32cubeide_1.4.0/stm32cubeide/plugins/com.st.stm32cube.ide.mcu.externaltools.gnu-tools-for-stm32.7-2018-q2-update.win32_1.4.0.202007081208/tools/bin/../lib/gcc/arm-none-eabi/7.3.1/../../../../arm-none-eabi/lib/thumb/v7-m\libc_nano.a(lib_a-memset.o)
                              c:/st/stm32cubeide_1.4.0/stm32cubeide/plugins/com.st.stm32cube.ide.mcu.externaltools.gnu-tools-for-stm32.7-2018-q2-update.win32_1.4.0.202007081208/tools/bin/../lib/gcc/arm-none-eabi/7.3.1/../../../../arm-none-eabi/lib/thumb/v7-m/crt0.o (memset)

Allocating common symbols
Common symbol       size              file

PinCfg              0x4               STM32_F103C6_Drivers/Keypad/keypad.o

Discarded input sections

 .text          0x0000000000000000        0x0 c:/st/stm32cubeide_1.4.0/stm32cubeide/plugins/com.st.stm32cube.ide.mcu.externaltools.gnu-tools-for-stm32.7-2018-q2-update.win32_1.4.0.202007081208/tools/bin/../lib/gcc/arm-none-eabi/7.3.1/thumb/v7-m/crti.o
 .data          0x0000000000000000        0x0 c:/st/stm32cubeide_1.4.0/stm32cubeide/plugins/com.st.stm32cube.ide.mcu.externaltools.gnu-tools-for-stm32.7-2018-q2-update.win32_1.4.0.202007081208/tools/bin/../lib/gcc/arm-none-eabi/7.3.1/thumb/v7-m/crti.o
 .bss           0x0000000000000000        0x0 c:/st/stm32cubeide_1.4.0/stm32cubeide/plugins/com.st.stm32cube.ide.mcu.externaltools.gnu-tools-for-stm32.7-2018-q2-update.win32_1.4.0.202007081208/tools/bin/../lib/gcc/arm-none-eabi/7.3.1/thumb/v7-m/crti.o
 .data          0x0000000000000000        0x4 c:/st/stm32cubeide_1.4.0/stm32cubeide/plugins/com.st.stm32cube.ide.mcu.externaltools.gnu-tools-for-stm32.7-2018-q2-update.win32_1.4.0.202007081208/tools/bin/../lib/gcc/arm-none-eabi/7.3.1/thumb/v7-m/crtbegin.o
 .text          0x0000000000000000       0x74 c:/st/stm32cubeide_1.4.0/stm32cubeide/plugins/com.st.stm32cube.ide.mcu.externaltools.gnu-tools-for-stm32.7-2018-q2-update.win32_1.4.0.202007081208/tools/bin/../lib/gcc/arm-none-eabi/7.3.1/../../../../arm-none-eabi/lib/thumb/v7-m/crt0.o
 .data          0x0000000000000000        0x0 c:/st/stm32cubeide_1.4.0/stm32cubeide/plugins/com.st.stm32cube.ide.mcu.externaltools.gnu-tools-for-stm32.7-2018-q2-update.win32_1.4.0.202007081208/tools/bin/../lib/gcc/arm-none-eabi/7.3.1/../../../../arm-none-eabi/lib/thumb/v7-m/crt0.o
 .bss           0x0000000000000000        0x0 c:/st/stm32cubeide_1.4.0/stm32cubeide/plugins/com.st.stm32cube.ide.mcu.externaltools.gnu-tools-for-stm32.7-2018-q2-update.win32_1.4.0.202007081208/tools/bin/../lib/gcc/arm-none-eabi/7.3.1/../../../../arm-none-eabi/lib/thumb/v7-m/crt0.o
 .ARM.extab     0x0000000000000000        0x0 c:/st/stm32cubeide_1.4.0/stm32cubeide/plugins/com.st.stm32cube.ide.mcu.externaltools.gnu-tools-for-stm32.7-2018-q2-update.win32_1.4.0.202007081208/tools/bin/../lib/gcc/arm-none-eabi/7.3.1/../../../../arm-none-eabi/lib/thumb/v7-m/crt0.o
 .ARM.exidx     0x0000000000000000        0x8 c:/st/stm32cubeide_1.4.0/stm32cubeide/plugins/com.st.stm32cube.ide.mcu.externaltools.gnu-tools-for-stm32.7-2018-q2-update.win32_1.4.0.202007081208/tools/bin/../lib/gcc/arm-none-eabi/7.3.1/../../../../arm-none-eabi/lib/thumb/v7-m/crt0.o
 .ARM.attributes
                0x0000000000000000       0x1b c:/st/stm32cubeide_1.4.0/stm32cubeide/plugins/com.st.stm32cube.ide.mcu.externaltools.gnu-tools-for-stm32.7-2018-q2-update.win32_1.4.0.202007081208/tools/bin/../lib/gcc/arm-none-eabi/7.3.1/../../../../arm-none-eabi/lib/thumb/v7-m/crt0.o
 .group         0x0000000000000000        0xc STM32_F103C6_Drivers/GPIO/GPIO_Driver.o
 .group         0x0000000000000000        0xc STM32_F103C6_Drivers/GPIO/GPIO_Driver.o
 .group         0x0000000000000000        0xc STM32_F103C6_Drivers/GPIO/GPIO_Driver.o
 .group         0x0000000000000000        0xc STM32_F103C6_Drivers/GPIO/GPIO_Driver.o
 .group         0x0000000000000000        0xc STM32_F103C6_Drivers/GPIO/GPIO_Driver.o
 .group         0x0000000000000000        0xc STM32_F103C6_Drivers/GPIO/GPIO_Driver.o
 .group         0x0000000000000000        0xc STM32_F103C6_Drivers/GPIO/GPIO_Driver.o
 .group         0x0000000000000000        0xc STM32_F103C6_Drivers/GPIO/GPIO_Driver.o
 .group         0x0000000000000000        0xc STM32_F103C6_Drivers/GPIO/GPIO_Driver.o
 .group         0x0000000000000000        0xc STM32_F103C6_Drivers/GPIO/GPIO_Driver.o
 .group         0x0000000000000000        0xc STM32_F103C6_Drivers/GPIO/GPIO_Driver.o
 .group         0x0000000000000000        0xc STM32_F103C6_Drivers/GPIO/GPIO_Driver.o
 .group         0x0000000000000000        0xc STM32_F103C6_Drivers/GPIO/GPIO_Driver.o
 .group         0x0000000000000000        0xc STM32_F103C6_Drivers/GPIO/GPIO_Driver.o
 .group         0x0000000000000000        0xc STM32_F103C6_Drivers/GPIO/GPIO_Driver.o
 .group         0x0000000000000000        0xc STM32_F103C6_Drivers/GPIO/GPIO_Driver.o
 .group         0x0000000000000000        0xc STM32_F103C6_Drivers/GPIO/GPIO_Driver.o
 .group         0x0000000000000000        0xc STM32_F103C6_Drivers/GPIO/GPIO_Driver.o
 .group         0x0000000000000000        0xc STM32_F103C6_Drivers/GPIO/GPIO_Driver.o
 .group         0x0000000000000000        0xc STM32_F103C6_Drivers/GPIO/GPIO_Driver.o
 .group         0x0000000000000000        0xc STM32_F103C6_Drivers/GPIO/GPIO_Driver.o
 .group         0x0000000000000000        0xc STM32_F103C6_Drivers/GPIO/GPIO_Driver.o
 .group         0x0000000000000000        0xc STM32_F103C6_Drivers/GPIO/GPIO_Driver.o
 .group         0x0000000000000000        0xc STM32_F103C6_Drivers/GPIO/GPIO_Driver.o
 .text          0x0000000000000000        0x0 STM32_F103C6_Drivers/GPIO/GPIO_Driver.o
 .data          0x0000000000000000        0x0 STM32_F103C6_Drivers/GPIO/GPIO_Driver.o
 .bss           0x0000000000000000        0x0 STM32_F103C6_Drivers/GPIO/GPIO_Driver.o
 .text.MCAL_GPIO_deInit
                0x0000000000000000       0xcc STM32_F103C6_Drivers/GPIO/GPIO_Driver.o
 .text.MCAL_GPIO_ReadPort
                0x0000000000000000       0x18 STM32_F103C6_Drivers/GPIO/GPIO_Driver.o
 .text.MCAL_GPIO_TogglePin
                0x0000000000000000       0x22 STM32_F103C6_Drivers/GPIO/GPIO_Driver.o
 .text.MCAL_GPIO_LockPin
                0x0000000000000000       0x18 STM32_F103C6_Drivers/GPIO/GPIO_Driver.o
 .group         0x0000000000000000        0xc STM32_F103C6_Drivers/Keypad/keypad.o
 .group         0x0000000000000000        0xc STM32_F103C6_Drivers/Keypad/keypad.o
 .group         0x0000000000000000        0xc STM32_F103C6_Drivers/Keypad/keypad.o
 .group         0x0000000000000000        0xc STM32_F103C6_Drivers/Keypad/keypad.o
 .group         0x0000000000000000        0xc STM32_F103C6_Drivers/Keypad/keypad.o
 .group         0x0000000000000000        0xc STM32_F103C6_Drivers/Keypad/keypad.o
 .group         0x0000000000000000        0xc STM32_F103C6_Drivers/Keypad/keypad.o
 .group         0x0000000000000000        0xc STM32_F103C6_Drivers/Keypad/keypad.o
 .group         0x0000000000000000        0xc STM32_F103C6_Drivers/Keypad/keypad.o
 .group         0x0000000000000000        0xc STM32_F103C6_Drivers/Keypad/keypad.o
 .group         0x0000000000000000        0xc STM32_F103C6_Drivers/Keypad/keypad.o
 .group         0x0000000000000000        0xc STM32_F103C6_Drivers/Keypad/keypad.o
 .group         0x0000000000000000        0xc STM32_F103C6_Drivers/Keypad/keypad.o
 .group         0x0000000000000000        0xc STM32_F103C6_Drivers/Keypad/keypad.o
 .group         0x0000000000000000        0xc STM32_F103C6_Drivers/Keypad/keypad.o
 .group         0x0000000000000000        0xc STM32_F103C6_Drivers/Keypad/keypad.o
 .group         0x0000000000000000        0xc STM32_F103C6_Drivers/Keypad/keypad.o
 .group         0x0000000000000000        0xc STM32_F103C6_Drivers/Keypad/keypad.o
 .group         0x0000000000000000        0xc STM32_F103C6_Drivers/Keypad/keypad.o
 .group         0x0000000000000000        0xc STM32_F103C6_Drivers/Keypad/keypad.o
 .group         0x0000000000000000        0xc STM32_F103C6_Drivers/Keypad/keypad.o
 .group         0x0000000000000000        0xc STM32_F103C6_Drivers/Keypad/keypad.o
 .group         0x0000000000000000        0xc STM32_F103C6_Drivers/Keypad/keypad.o
 .group         0x0000000000000000        0xc STM32_F103C6_Drivers/Keypad/keypad.o
 .group         0x0000000000000000        0xc STM32_F103C6_Drivers/Keypad/keypad.o
 .text          0x0000000000000000        0x0 STM32_F103C6_Drivers/Keypad/keypad.o
 .data          0x0000000000000000        0x0 STM32_F103C6_Drivers/Keypad/keypad.o
 .bss           0x0000000000000000        0x0 STM32_F103C6_Drivers/Keypad/keypad.o
 .debug_macro   0x0000000000000000      0xa60 STM32_F103C6_Drivers/Keypad/keypad.o
 .debug_macro   0x0000000000000000       0x18 STM32_F103C6_Drivers/Keypad/keypad.o
 .debug_macro   0x0000000000000000       0x22 STM32_F103C6_Drivers/Keypad/keypad.o
 .debug_macro   0x0000000000000000       0x40 STM32_F103C6_Drivers/Keypad/keypad.o
 .debug_macro   0x0000000000000000       0x94 STM32_F103C6_Drivers/Keypad/keypad.o
 .debug_macro   0x0000000000000000       0x3c STM32_F103C6_Drivers/Keypad/keypad.o
 .debug_macro   0x0000000000000000       0x34 STM32_F103C6_Drivers/Keypad/keypad.o
 .debug_macro   0x0000000000000000       0x16 STM32_F103C6_Drivers/Keypad/keypad.o
 .debug_macro   0x0000000000000000      0x10e STM32_F103C6_Drivers/Keypad/keypad.o
 .debug_macro   0x0000000000000000       0x8d STM32_F103C6_Drivers/Keypad/keypad.o
 .debug_macro   0x0000000000000000       0x57 STM32_F103C6_Drivers/Keypad/keypad.o
 .debug_macro   0x0000000000000000       0x52 STM32_F103C6_Drivers/Keypad/keypad.o
 .debug_macro   0x0000000000000000       0x1f STM32_F103C6_Drivers/Keypad/keypad.o
 .debug_macro   0x0000000000000000       0x43 STM32_F103C6_Drivers/Keypad/keypad.o
 .debug_macro   0x0000000000000000       0x20 STM32_F103C6_Drivers/Keypad/keypad.o
 .debug_macro   0x0000000000000000      0x1a3 STM32_F103C6_Drivers/Keypad/keypad.o
 .debug_macro   0x0000000000000000      0x330 STM32_F103C6_Drivers/Keypad/keypad.o
 .debug_macro   0x0000000000000000       0x16 STM32_F103C6_Drivers/Keypad/keypad.o
 .debug_macro   0x0000000000000000       0x29 STM32_F103C6_Drivers/Keypad/keypad.o
 .debug_macro   0x0000000000000000       0xef STM32_F103C6_Drivers/Keypad/keypad.o
 .debug_macro   0x0000000000000000       0x6a STM32_F103C6_Drivers/Keypad/keypad.o
 .debug_macro   0x0000000000000000      0x1df STM32_F103C6_Drivers/Keypad/keypad.o
 .debug_macro   0x0000000000000000       0xb2 STM32_F103C6_Drivers/Keypad/keypad.o
 .group         0x0000000000000000        0xc STM32_F103C6_Drivers/Lcd/lcd.o
 .group         0x0000000000000000        0xc STM32_F103C6_Drivers/Lcd/lcd.o
 .group         0x0000000000000000        0xc STM32_F103C6_Drivers/Lcd/lcd.o
 .group         0x0000000000000000        0xc STM32_F103C6_Drivers/Lcd/lcd.o
 .group         0x0000000000000000        0xc STM32_F103C6_Drivers/Lcd/lcd.o
 .group         0x0000000000000000        0xc STM32_F103C6_Drivers/Lcd/lcd.o
 .group         0x0000000000000000        0xc STM32_F103C6_Drivers/Lcd/lcd.o
 .group         0x0000000000000000        0xc STM32_F103C6_Drivers/Lcd/lcd.o
 .group         0x0000000000000000        0xc STM32_F103C6_Drivers/Lcd/lcd.o
 .group         0x0000000000000000        0xc STM32_F103C6_Drivers/Lcd/lcd.o
 .group         0x0000000000000000        0xc STM32_F103C6_Drivers/Lcd/lcd.o
 .group         0x0000000000000000        0xc STM32_F103C6_Drivers/Lcd/lcd.o
 .group         0x0000000000000000        0xc STM32_F103C6_Drivers/Lcd/lcd.o
 .group         0x0000000000000000        0xc STM32_F103C6_Drivers/Lcd/lcd.o
 .group         0x0000000000000000        0xc STM32_F103C6_Drivers/Lcd/lcd.o
 .group         0x0000000000000000        0xc STM32_F103C6_Drivers/Lcd/lcd.o
 .group         0x0000000000000000        0xc STM32_F103C6_Drivers/Lcd/lcd.o
 .group         0x0000000000000000        0xc STM32_F103C6_Drivers/Lcd/lcd.o
 .group         0x0000000000000000        0xc STM32_F103C6_Drivers/Lcd/lcd.o
 .group         0x0000000000000000        0xc STM32_F103C6_Drivers/Lcd/lcd.o
 .group         0x0000000000000000        0xc STM32_F103C6_Drivers/Lcd/lcd.o
 .group         0x0000000000000000        0xc STM32_F103C6_Drivers/Lcd/lcd.o
 .group         0x0000000000000000        0xc STM32_F103C6_Drivers/Lcd/lcd.o
 .group         0x0000000000000000        0xc STM32_F103C6_Drivers/Lcd/lcd.o
 .group         0x0000000000000000        0xc STM32_F103C6_Drivers/Lcd/lcd.o
 .text          0x0000000000000000        0x0 STM32_F103C6_Drivers/Lcd/lcd.o
 .data          0x0000000000000000        0x0 STM32_F103C6_Drivers/Lcd/lcd.o
 .bss           0x0000000000000000        0x0 STM32_F103C6_Drivers/Lcd/lcd.o
 .text.LCD_GOTO_XY
                0x0000000000000000       0x3a STM32_F103C6_Drivers/Lcd/lcd.o
 .text.LCD_WRITE_STRING
                0x0000000000000000       0x54 STM32_F103C6_Drivers/Lcd/lcd.o
 .debug_macro   0x0000000000000000      0xa60 STM32_F103C6_Drivers/Lcd/lcd.o
 .debug_macro   0x0000000000000000       0x18 STM32_F103C6_Drivers/Lcd/lcd.o
 .debug_macro   0x0000000000000000       0x22 STM32_F103C6_Drivers/Lcd/lcd.o
 .debug_macro   0x0000000000000000       0x40 STM32_F103C6_Drivers/Lcd/lcd.o
 .debug_macro   0x0000000000000000       0x94 STM32_F103C6_Drivers/Lcd/lcd.o
 .debug_macro   0x0000000000000000       0x3c STM32_F103C6_Drivers/Lcd/lcd.o
 .debug_macro   0x0000000000000000       0x34 STM32_F103C6_Drivers/Lcd/lcd.o
 .debug_macro   0x0000000000000000       0x16 STM32_F103C6_Drivers/Lcd/lcd.o
 .debug_macro   0x0000000000000000      0x10e STM32_F103C6_Drivers/Lcd/lcd.o
 .debug_macro   0x0000000000000000       0x8d STM32_F103C6_Drivers/Lcd/lcd.o
 .debug_macro   0x0000000000000000       0x57 STM32_F103C6_Drivers/Lcd/lcd.o
 .debug_macro   0x0000000000000000       0x52 STM32_F103C6_Drivers/Lcd/lcd.o
 .debug_macro   0x0000000000000000       0x1f STM32_F103C6_Drivers/Lcd/lcd.o
 .debug_macro   0x0000000000000000       0x43 STM32_F103C6_Drivers/Lcd/lcd.o
 .debug_macro   0x0000000000000000       0x20 STM32_F103C6_Drivers/Lcd/lcd.o
 .debug_macro   0x0000000000000000      0x1a3 STM32_F103C6_Drivers/Lcd/lcd.o
 .debug_macro   0x0000000000000000      0x330 STM32_F103C6_Drivers/Lcd/lcd.o
 .debug_macro   0x0000000000000000       0x16 STM32_F103C6_Drivers/Lcd/lcd.o
 .debug_macro   0x0000000000000000       0x29 STM32_F103C6_Drivers/Lcd/lcd.o
 .debug_macro   0x0000000000000000       0xef STM32_F103C6_Drivers/Lcd/lcd.o
 .debug_macro   0x0000000000000000       0x6a STM32_F103C6_Drivers/Lcd/lcd.o
 .debug_macro   0x0000000000000000      0x1df STM32_F103C6_Drivers/Lcd/lcd.o
 .debug_macro   0x0000000000000000       0xb2 STM32_F103C6_Drivers/Lcd/lcd.o
 .debug_macro   0x0000000000000000       0xd0 STM32_F103C6_Drivers/Lcd/lcd.o
 .group         0x0000000000000000        0xc Src/main.o
 .group         0x0000000000000000        0xc Src/main.o
 .group         0x0000000000000000        0xc Src/main.o
 .group         0x0000000000000000        0xc Src/main.o
 .group         0x0000000000000000        0xc Src/main.o
 .group         0x0000000000000000        0xc Src/main.o
 .group         0x0000000000000000        0xc Src/main.o
 .group         0x0000000000000000        0xc Src/main.o
 .group         0x0000000000000000        0xc Src/main.o
 .group         0x0000000000000000        0xc Src/main.o
 .group         0x0000000000000000        0xc Src/main.o
 .group         0x0000000000000000        0xc Src/main.o
 .group         0x0000000000000000        0xc Src/main.o
 .group         0x0000000000000000        0xc Src/main.o
 .group         0x0000000000000000        0xc Src/main.o
 .group         0x0000000000000000        0xc Src/main.o
 .group         0x0000000000000000        0xc Src/main.o
 .group         0x0000000000000000        0xc Src/main.o
 .group         0x0000000000000000        0xc Src/main.o
 .group         0x0000000000000000        0xc Src/main.o
 .group         0x0000000000000000        0xc Src/main.o
 .group         0x0000000000000000        0xc Src/main.o
 .group         0x0000000000000000        0xc Src/main.o
 .group         0x0000000000000000        0xc Src/main.o
 .group         0x0000000000000000        0xc Src/main.o
 .text          0x0000000000000000        0x0 Src/main.o
 .data          0x0000000000000000        0x0 Src/main.o
 .bss           0x0000000000000000        0x0 Src/main.o
 .debug_macro   0x0000000000000000      0xa60 Src/main.o
 .debug_macro   0x0000000000000000       0x18 Src/main.o
 .debug_macro   0x0000000000000000       0x22 Src/main.o
 .debug_macro   0x0000000000000000       0x40 Src/main.o
 .debug_macro   0x0000000000000000       0x94 Src/main.o
 .debug_macro   0x0000000000000000       0x3c Src/main.o
 .debug_macro   0x0000000000000000       0x34 Src/main.o
 .debug_macro   0x0000000000000000       0x16 Src/main.o
 .debug_macro   0x0000000000000000      0x10e Src/main.o
 .debug_macro   0x0000000000000000       0x8d Src/main.o
 .debug_macro   0x0000000000000000       0x57 Src/main.o
 .debug_macro   0x0000000000000000       0x52 Src/main.o
 .debug_macro   0x0000000000000000       0x1f Src/main.o
 .debug_macro   0x0000000000000000       0x43 Src/main.o
 .debug_macro   0x0000000000000000       0x20 Src/main.o
 .debug_macro   0x0000000000000000      0x1a3 Src/main.o
 .debug_macro   0x0000000000000000      0x330 Src/main.o
 .debug_macro   0x0000000000000000       0x16 Src/main.o
 .debug_macro   0x0000000000000000       0x29 Src/main.o
 .debug_macro   0x0000000000000000       0xef Src/main.o
 .debug_macro   0x0000000000000000       0x6a Src/main.o
 .debug_macro   0x0000000000000000      0x1df Src/main.o
 .debug_macro   0x0000000000000000       0xb2 Src/main.o
 .debug_macro   0x0000000000000000       0xd0 Src/main.o
 .debug_macro   0x0000000000000000       0x94 Src/main.o
 .group         0x0000000000000000        0xc Src/syscalls.o
 .group         0x0000000000000000        0xc Src/syscalls.o
 .group         0x0000000000000000        0xc Src/syscalls.o
 .group         0x0000000000000000        0xc Src/syscalls.o
 .group         0x0000000000000000        0xc Src/syscalls.o
 .group         0x0000000000000000        0xc Src/syscalls.o
 .group         0x0000000000000000        0xc Src/syscalls.o
 .group         0x0000000000000000        0xc Src/syscalls.o
 .group         0x0000000000000000        0xc Src/syscalls.o
 .group         0x0000000000000000        0xc Src/syscalls.o
 .group         0x0000000000000000        0xc Src/syscalls.o
 .group         0x0000000000000000        0xc Src/syscalls.o
 .group         0x0000000000000000        0xc Src/syscalls.o
 .group         0x0000000000000000        0xc Src/syscalls.o
 .group         0x0000000000000000        0xc Src/syscalls.o
 .group         0x0000000000000000        0xc Src/syscalls.o
 .group         0x0000000000000000        0xc Src/syscalls.o
 .group         0x0000000000000000        0xc Src/syscalls.o
 .group         0x0000000000000000        0xc Src/syscalls.o
 .group         0x0000000000000000        0xc Src/syscalls.o
 .group         0x0000000000000000        0xc Src/syscalls.o
 .group         0x0000000000000000        0xc Src/syscalls.o
 .group         0x0000000000000000        0xc Src/syscalls.o
 .group         0x0000000000000000        0xc Src/syscalls.o
 .group         0x0000000000000000        0xc Src/syscalls.o
 .group         0x0000000000000000        0xc Src/syscalls.o
 .group         0x0000000000000000        0xc Src/syscalls.o
 .group         0x0000000000000000        0xc Src/syscalls.o
 .group         0x0000000000000000        0xc Src/syscalls.o
 .group         0x0000000000000000        0xc Src/syscalls.o
 .group         0x0000000000000000        0xc Src/syscalls.o
 .group         0x0000000000000000        0xc Src/syscalls.o
 .group         0x0000000000000000        0xc Src/syscalls.o
 .group         0x0000000000000000        0xc Src/syscalls.o
 .group         0x0000000000000000        0xc Src/syscalls.o
 .group         0x0000000000000000        0xc Src/syscalls.o
 .group         0x0000000000000000        0xc Src/syscalls.o
 .group         0x0000000000000000        0xc Src/syscalls.o
 .group         0x0000000000000000        0xc Src/syscalls.o
 .group         0x0000000000000000        0xc Src/syscalls.o
 .group         0x0000000000000000        0xc Src/syscalls.o
 .group         0x0000000000000000        0xc Src/syscalls.o
 .group         0x0000000000000000        0xc Src/syscalls.o
 .group         0x0000000000000000        0xc Src/syscalls.o
 .text          0x0000000000000000        0x0 Src/syscalls.o
 .data          0x0000000000000000        0x0 Src/syscalls.o
 .bss           0x0000000000000000        0x0 Src/syscalls.o
 .bss.__env     0x0000000000000000        0x4 Src/syscalls.o
 .data.environ  0x0000000000000000        0x4 Src/syscalls.o
 .text.initialise_monitor_handles
                0x0000000000000000        0xc Src/syscalls.o
 .text._getpid  0x0000000000000000        0xe Src/syscalls.o
 .text._kill    0x0000000000000000       0x20 Src/syscalls.o
 .text._exit    0x0000000000000000       0x14 Src/syscalls.o
 .text._read    0x0000000000000000       0x3a Src/syscalls.o
 .text._write   0x0000000000000000       0x38 Src/syscalls.o
 .text._close   0x0000000000000000       0x16 Src/syscalls.o
 .text._fstat   0x0000000000000000       0x1e Src/syscalls.o
 .text._isatty  0x0000000000000000       0x14 Src/syscalls.o
 .text._lseek   0x0000000000000000       0x18 Src/syscalls.o
 .text._open    0x0000000000000000       0x1a Src/syscalls.o
 .text._wait    0x0000000000000000       0x1e Src/syscalls.o
 .text._unlink  0x0000000000000000       0x1e Src/syscalls.o
 .text._times   0x0000000000000000       0x16 Src/syscalls.o
 .text._stat    0x0000000000000000       0x1e Src/syscalls.o
 .text._link    0x0000000000000000       0x20 Src/syscalls.o
 .text._fork    0x0000000000000000       0x16 Src/syscalls.o
 .text._execve  0x0000000000000000       0x22 Src/syscalls.o
 .debug_info    0x0000000000000000     0x1038 Src/syscalls.o
 .debug_abbrev  0x0000000000000000      0x254 Src/syscalls.o
 .debug_loc     0x0000000000000000      0x5b8 Src/syscalls.o
 .debug_aranges
                0x0000000000000000       0xa8 Src/syscalls.o
 .debug_ranges  0x0000000000000000       0x98 Src/syscalls.o
 .debug_macro   0x0000000000000000      0x243 Src/syscalls.o
 .debug_macro   0x0000000000000000      0xa60 Src/syscalls.o
 .debug_macro   0x0000000000000000       0x22 Src/syscalls.o
 .debug_macro   0x0000000000000000       0x40 Src/syscalls.o
 .debug_macro   0x0000000000000000       0x18 Src/syscalls.o
 .debug_macro   0x0000000000000000       0x94 Src/syscalls.o
 .debug_macro   0x0000000000000000       0x3c Src/syscalls.o
 .debug_macro   0x0000000000000000       0x34 Src/syscalls.o
 .debug_macro   0x0000000000000000       0x57 Src/syscalls.o
 .debug_macro   0x0000000000000000      0x174 Src/syscalls.o
 .debug_macro   0x0000000000000000      0x330 Src/syscalls.o
 .debug_macro   0x0000000000000000       0x52 Src/syscalls.o
 .debug_macro   0x0000000000000000       0x1f Src/syscalls.o
 .debug_macro   0x0000000000000000       0x43 Src/syscalls.o
 .debug_macro   0x0000000000000000       0x20 Src/syscalls.o
 .debug_macro   0x0000000000000000      0x1a3 Src/syscalls.o
 .debug_macro   0x0000000000000000       0x10 Src/syscalls.o
 .debug_macro   0x0000000000000000       0x35 Src/syscalls.o
 .debug_macro   0x0000000000000000       0x10 Src/syscalls.o
 .debug_macro   0x0000000000000000       0x10 Src/syscalls.o
 .debug_macro   0x0000000000000000       0x10 Src/syscalls.o
 .debug_macro   0x0000000000000000       0x6a Src/syscalls.o
 .debug_macro   0x0000000000000000       0x1c Src/syscalls.o
 .debug_macro   0x0000000000000000       0x52 Src/syscalls.o
 .debug_macro   0x0000000000000000       0x40 Src/syscalls.o
 .debug_macro   0x0000000000000000       0x10 Src/syscalls.o
 .debug_macro   0x0000000000000000       0x40 Src/syscalls.o
 .debug_macro   0x0000000000000000       0xd7 Src/syscalls.o
 .debug_macro   0x0000000000000000       0x1c Src/syscalls.o
 .debug_macro   0x0000000000000000       0x3d Src/syscalls.o
 .debug_macro   0x0000000000000000       0x35 Src/syscalls.o
 .debug_macro   0x0000000000000000      0x122 Src/syscalls.o
 .debug_macro   0x0000000000000000       0x16 Src/syscalls.o
 .debug_macro   0x0000000000000000       0x16 Src/syscalls.o
 .debug_macro   0x0000000000000000       0x29 Src/syscalls.o
 .debug_macro   0x0000000000000000       0x10 Src/syscalls.o
 .debug_macro   0x0000000000000000      0x241 Src/syscalls.o
 .debug_macro   0x0000000000000000       0x1c Src/syscalls.o
 .debug_macro   0x0000000000000000       0x10 Src/syscalls.o
 .debug_macro   0x0000000000000000       0x10 Src/syscalls.o
 .debug_macro   0x0000000000000000       0x16 Src/syscalls.o
 .debug_macro   0x0000000000000000      0x145 Src/syscalls.o
 .debug_macro   0x0000000000000000      0x189 Src/syscalls.o
 .debug_macro   0x0000000000000000       0x16 Src/syscalls.o
 .debug_macro   0x0000000000000000       0x88 Src/syscalls.o
 .debug_line    0x0000000000000000      0x739 Src/syscalls.o
 .debug_str     0x0000000000000000     0x888e Src/syscalls.o
 .comment       0x0000000000000000       0x7c Src/syscalls.o
 .debug_frame   0x0000000000000000      0x2ac Src/syscalls.o
 .ARM.attributes
                0x0000000000000000       0x33 Src/syscalls.o
 .group         0x0000000000000000        0xc Src/sysmem.o
 .group         0x0000000000000000        0xc Src/sysmem.o
 .group         0x0000000000000000        0xc Src/sysmem.o
 .group         0x0000000000000000        0xc Src/sysmem.o
 .group         0x0000000000000000        0xc Src/sysmem.o
 .group         0x0000000000000000        0xc Src/sysmem.o
 .group         0x0000000000000000        0xc Src/sysmem.o
 .group         0x0000000000000000        0xc Src/sysmem.o
 .group         0x0000000000000000        0xc Src/sysmem.o
 .group         0x0000000000000000        0xc Src/sysmem.o
 .group         0x0000000000000000        0xc Src/sysmem.o
 .group         0x0000000000000000        0xc Src/sysmem.o
 .group         0x0000000000000000        0xc Src/sysmem.o
 .group         0x0000000000000000        0xc Src/sysmem.o
 .group         0x0000000000000000        0xc Src/sysmem.o
 .group         0x0000000000000000        0xc Src/sysmem.o
 .group         0x0000000000000000        0xc Src/sysmem.o
 .group         0x0000000000000000        0xc Src/sysmem.o
 .group         0x0000000000000000        0xc Src/sysmem.o
 .text          0x0000000000000000        0x0 Src/sysmem.o
 .data          0x0000000000000000        0x0 Src/sysmem.o
 .bss           0x0000000000000000        0x0 Src/sysmem.o
 .bss.__sbrk_heap_end
                0x0000000000000000        0x4 Src/sysmem.o
 .text._sbrk    0x0000000000000000       0x6c Src/sysmem.o
 .debug_info    0x0000000000000000      0xa7c Src/sysmem.o
 .debug_abbrev  0x0000000000000000      0x18e Src/sysmem.o
 .debug_loc     0x0000000000000000       0x50 Src/sysmem.o
 .debug_aranges
                0x0000000000000000       0x20 Src/sysmem.o
 .debug_ranges  0x0000000000000000       0x10 Src/sysmem.o
 .debug_macro   0x0000000000000000       0xee Src/sysmem.o
 .debug_macro   0x0000000000000000      0xa60 Src/sysmem.o
 .debug_macro   0x0000000000000000       0x10 Src/sysmem.o
 .debug_macro   0x0000000000000000       0x22 Src/sysmem.o
 .debug_macro   0x0000000000000000       0x40 Src/sysmem.o
 .debug_macro   0x0000000000000000       0x18 Src/sysmem.o
 .debug_macro   0x0000000000000000       0x94 Src/sysmem.o
 .debug_macro   0x0000000000000000       0x3c Src/sysmem.o
 .debug_macro   0x0000000000000000       0x34 Src/sysmem.o
 .debug_macro   0x0000000000000000      0x174 Src/sysmem.o
 .debug_macro   0x0000000000000000       0x57 Src/sysmem.o
 .debug_macro   0x0000000000000000       0x52 Src/sysmem.o
 .debug_macro   0x0000000000000000       0x1f Src/sysmem.o
 .debug_macro   0x0000000000000000       0x43 Src/sysmem.o
 .debug_macro   0x0000000000000000       0x20 Src/sysmem.o
 .debug_macro   0x0000000000000000      0x1a3 Src/sysmem.o
 .debug_macro   0x0000000000000000      0x23b Src/sysmem.o
 .debug_macro   0x0000000000000000       0xef Src/sysmem.o
 .debug_macro   0x0000000000000000       0x6a Src/sysmem.o
 .debug_macro   0x0000000000000000      0x1df Src/sysmem.o
 .debug_line    0x0000000000000000      0x4c2 Src/sysmem.o
 .debug_str     0x0000000000000000     0x5f5c Src/sysmem.o
 .comment       0x0000000000000000       0x7c Src/sysmem.o
 .debug_frame   0x0000000000000000       0x34 Src/sysmem.o
 .ARM.attributes
                0x0000000000000000       0x33 Src/sysmem.o
 .text          0x0000000000000000       0x14 Startup/startup_stm32f103c6tx.o
 .data          0x0000000000000000        0x0 Startup/startup_stm32f103c6tx.o
 .bss           0x0000000000000000        0x0 Startup/startup_stm32f103c6tx.o
 .text          0x0000000000000000        0x0 c:/st/stm32cubeide_1.4.0/stm32cubeide/plugins/com.st.stm32cube.ide.mcu.externaltools.gnu-tools-for-stm32.7-2018-q2-update.win32_1.4.0.202007081208/tools/bin/../lib/gcc/arm-none-eabi/7.3.1/../../../../arm-none-eabi/lib/thumb/v7-m\libc_nano.a(lib_a-errno.o)
 .data          0x0000000000000000        0x0 c:/st/stm32cubeide_1.4.0/stm32cubeide/plugins/com.st.stm32cube.ide.mcu.externaltools.gnu-tools-for-stm32.7-2018-q2-update.win32_1.4.0.202007081208/tools/bin/../lib/gcc/arm-none-eabi/7.3.1/../../../../arm-none-eabi/lib/thumb/v7-m\libc_nano.a(lib_a-errno.o)
 .bss           0x0000000000000000        0x0 c:/st/stm32cubeide_1.4.0/stm32cubeide/plugins/com.st.stm32cube.ide.mcu.externaltools.gnu-tools-for-stm32.7-2018-q2-update.win32_1.4.0.202007081208/tools/bin/../lib/gcc/arm-none-eabi/7.3.1/../../../../arm-none-eabi/lib/thumb/v7-m\libc_nano.a(lib_a-errno.o)
 .text.__errno  0x0000000000000000        0xc c:/st/stm32cubeide_1.4.0/stm32cubeide/plugins/com.st.stm32cube.ide.mcu.externaltools.gnu-tools-for-stm32.7-2018-q2-update.win32_1.4.0.202007081208/tools/bin/../lib/gcc/arm-none-eabi/7.3.1/../../../../arm-none-eabi/lib/thumb/v7-m\libc_nano.a(lib_a-errno.o)
 .debug_frame   0x0000000000000000       0x20 c:/st/stm32cubeide_1.4.0/stm32cubeide/plugins/com.st.stm32cube.ide.mcu.externaltools.gnu-tools-for-stm32.7-2018-q2-update.win32_1.4.0.202007081208/tools/bin/../lib/gcc/arm-none-eabi/7.3.1/../../../../arm-none-eabi/lib/thumb/v7-m\libc_nano.a(lib_a-errno.o)
 .ARM.attributes
                0x0000000000000000       0x2d c:/st/stm32cubeide_1.4.0/stm32cubeide/plugins/com.st.stm32cube.ide.mcu.externaltools.gnu-tools-for-stm32.7-2018-q2-update.win32_1.4.0.202007081208/tools/bin/../lib/gcc/arm-none-eabi/7.3.1/../../../../arm-none-eabi/lib/thumb/v7-m\libc_nano.a(lib_a-errno.o)
 .text          0x0000000000000000        0x0 c:/st/stm32cubeide_1.4.0/stm32cubeide/plugins/com.st.stm32cube.ide.mcu.externaltools.gnu-tools-for-stm32.7-2018-q2-update.win32_1.4.0.202007081208/tools/bin/../lib/gcc/arm-none-eabi/7.3.1/../../../../arm-none-eabi/lib/thumb/v7-m\libc_nano.a(lib_a-exit.o)
 .data          0x0000000000000000        0x0 c:/st/stm32cubeide_1.4.0/stm32cubeide/plugins/com.st.stm32cube.ide.mcu.externaltools.gnu-tools-for-stm32.7-2018-q2-update.win32_1.4.0.202007081208/tools/bin/../lib/gcc/arm-none-eabi/7.3.1/../../../../arm-none-eabi/lib/thumb/v7-m\libc_nano.a(lib_a-exit.o)
 .bss           0x0000000000000000        0x0 c:/st/stm32cubeide_1.4.0/stm32cubeide/plugins/com.st.stm32cube.ide.mcu.externaltools.gnu-tools-for-stm32.7-2018-q2-update.win32_1.4.0.202007081208/tools/bin/../lib/gcc/arm-none-eabi/7.3.1/../../../../arm-none-eabi/lib/thumb/v7-m\libc_nano.a(lib_a-exit.o)
 .text.exit     0x0000000000000000       0x28 c:/st/stm32cubeide_1.4.0/stm32cubeide/plugins/com.st.stm32cube.ide.mcu.externaltools.gnu-tools-for-stm32.7-2018-q2-update.win32_1.4.0.202007081208/tools/bin/../lib/gcc/arm-none-eabi/7.3.1/../../../../arm-none-eabi/lib/thumb/v7-m\libc_nano.a(lib_a-exit.o)
 .debug_frame   0x0000000000000000       0x28 c:/st/stm32cubeide_1.4.0/stm32cubeide/plugins/com.st.stm32cube.ide.mcu.externaltools.gnu-tools-for-stm32.7-2018-q2-update.win32_1.4.0.202007081208/tools/bin/../lib/gcc/arm-none-eabi/7.3.1/../../../../arm-none-eabi/lib/thumb/v7-m\libc_nano.a(lib_a-exit.o)
 .ARM.attributes
                0x0000000000000000       0x2d c:/st/stm32cubeide_1.4.0/stm32cubeide/plugins/com.st.stm32cube.ide.mcu.externaltools.gnu-tools-for-stm32.7-2018-q2-update.win32_1.4.0.202007081208/tools/bin/../lib/gcc/arm-none-eabi/7.3.1/../../../../arm-none-eabi/lib/thumb/v7-m\libc_nano.a(lib_a-exit.o)
 .text          0x0000000000000000        0x0 c:/st/stm32cubeide_1.4.0/stm32cubeide/plugins/com.st.stm32cube.ide.mcu.externaltools.gnu-tools-for-stm32.7-2018-q2-update.win32_1.4.0.202007081208/tools/bin/../lib/gcc/arm-none-eabi/7.3.1/../../../../arm-none-eabi/lib/thumb/v7-m\libc_nano.a(lib_a-impure.o)
 .data          0x0000000000000000        0x0 c:/st/stm32cubeide_1.4.0/stm32cubeide/plugins/com.st.stm32cube.ide.mcu.externaltools.gnu-tools-for-stm32.7-2018-q2-update.win32_1.4.0.202007081208/tools/bin/../lib/gcc/arm-none-eabi/7.3.1/../../../../arm-none-eabi/lib/thumb/v7-m\libc_nano.a(lib_a-impure.o)
 .bss           0x0000000000000000        0x0 c:/st/stm32cubeide_1.4.0/stm32cubeide/plugins/com.st.stm32cube.ide.mcu.externaltools.gnu-tools-for-stm32.7-2018-q2-update.win32_1.4.0.202007081208/tools/bin/../lib/gcc/arm-none-eabi/7.3.1/../../../../arm-none-eabi/lib/thumb/v7-m\libc_nano.a(lib_a-impure.o)
 .data._impure_ptr
                0x0000000000000000        0x4 c:/st/stm32cubeide_1.4.0/stm32cubeide/plugins/com.st.stm32cube.ide.mcu.externaltools.gnu-tools-for-stm32.7-2018-q2-update.win32_1.4.0.202007081208/tools/bin/../lib/gcc/arm-none-eabi/7.3.1/../../../../arm-none-eabi/lib/thumb/v7-m\libc_nano.a(lib_a-impure.o)
 .data.impure_data
                0x0000000000000000       0x60 c:/st/stm32cubeide_1.4.0/stm32cubeide/plugins/com.st.stm32cube.ide.mcu.externaltools.gnu-tools-for-stm32.7-2018-q2-update.win32_1.4.0.202007081208/tools/bin/../lib/gcc/arm-none-eabi/7.3.1/../../../../arm-none-eabi/lib/thumb/v7-m\libc_nano.a(lib_a-impure.o)
 .rodata._global_impure_ptr
                0x0000000000000000        0x4 c:/st/stm32cubeide_1.4.0/stm32cubeide/plugins/com.st.stm32cube.ide.mcu.externaltools.gnu-tools-for-stm32.7-2018-q2-update.win32_1.4.0.202007081208/tools/bin/../lib/gcc/arm-none-eabi/7.3.1/../../../../arm-none-eabi/lib/thumb/v7-m\libc_nano.a(lib_a-impure.o)
 .ARM.attributes
                0x0000000000000000       0x2d c:/st/stm32cubeide_1.4.0/stm32cubeide/plugins/com.st.stm32cube.ide.mcu.externaltools.gnu-tools-for-stm32.7-2018-q2-update.win32_1.4.0.202007081208/tools/bin/../lib/gcc/arm-none-eabi/7.3.1/../../../../arm-none-eabi/lib/thumb/v7-m\libc_nano.a(lib_a-impure.o)
 .text          0x0000000000000000        0x0 c:/st/stm32cubeide_1.4.0/stm32cubeide/plugins/com.st.stm32cube.ide.mcu.externaltools.gnu-tools-for-stm32.7-2018-q2-update.win32_1.4.0.202007081208/tools/bin/../lib/gcc/arm-none-eabi/7.3.1/../../../../arm-none-eabi/lib/thumb/v7-m\libc_nano.a(lib_a-init.o)
 .data          0x0000000000000000        0x0 c:/st/stm32cubeide_1.4.0/stm32cubeide/plugins/com.st.stm32cube.ide.mcu.externaltools.gnu-tools-for-stm32.7-2018-q2-update.win32_1.4.0.202007081208/tools/bin/../lib/gcc/arm-none-eabi/7.3.1/../../../../arm-none-eabi/lib/thumb/v7-m\libc_nano.a(lib_a-init.o)
 .bss           0x0000000000000000        0x0 c:/st/stm32cubeide_1.4.0/stm32cubeide/plugins/com.st.stm32cube.ide.mcu.externaltools.gnu-tools-for-stm32.7-2018-q2-update.win32_1.4.0.202007081208/tools/bin/../lib/gcc/arm-none-eabi/7.3.1/../../../../arm-none-eabi/lib/thumb/v7-m\libc_nano.a(lib_a-init.o)
 .text          0x0000000000000000        0x0 c:/st/stm32cubeide_1.4.0/stm32cubeide/plugins/com.st.stm32cube.ide.mcu.externaltools.gnu-tools-for-stm32.7-2018-q2-update.win32_1.4.0.202007081208/tools/bin/../lib/gcc/arm-none-eabi/7.3.1/../../../../arm-none-eabi/lib/thumb/v7-m\libc_nano.a(lib_a-memset.o)
 .data          0x0000000000000000        0x0 c:/st/stm32cubeide_1.4.0/stm32cubeide/plugins/com.st.stm32cube.ide.mcu.externaltools.gnu-tools-for-stm32.7-2018-q2-update.win32_1.4.0.202007081208/tools/bin/../lib/gcc/arm-none-eabi/7.3.1/../../../../arm-none-eabi/lib/thumb/v7-m\libc_nano.a(lib_a-memset.o)
 .bss           0x0000000000000000        0x0 c:/st/stm32cubeide_1.4.0/stm32cubeide/plugins/com.st.stm32cube.ide.mcu.externaltools.gnu-tools-for-stm32.7-2018-q2-update.win32_1.4.0.202007081208/tools/bin/../lib/gcc/arm-none-eabi/7.3.1/../../../../arm-none-eabi/lib/thumb/v7-m\libc_nano.a(lib_a-memset.o)
 .text.memset   0x0000000000000000       0x10 c:/st/stm32cubeide_1.4.0/stm32cubeide/plugins/com.st.stm32cube.ide.mcu.externaltools.gnu-tools-for-stm32.7-2018-q2-update.win32_1.4.0.202007081208/tools/bin/../lib/gcc/arm-none-eabi/7.3.1/../../../../arm-none-eabi/lib/thumb/v7-m\libc_nano.a(lib_a-memset.o)
 .debug_frame   0x0000000000000000       0x20 c:/st/stm32cubeide_1.4.0/stm32cubeide/plugins/com.st.stm32cube.ide.mcu.externaltools.gnu-tools-for-stm32.7-2018-q2-update.win32_1.4.0.202007081208/tools/bin/../lib/gcc/arm-none-eabi/7.3.1/../../../../arm-none-eabi/lib/thumb/v7-m\libc_nano.a(lib_a-memset.o)
 .ARM.attributes
                0x0000000000000000       0x2d c:/st/stm32cubeide_1.4.0/stm32cubeide/plugins/com.st.stm32cube.ide.mcu.externaltools.gnu-tools-for-stm32.7-2018-q2-update.win32_1.4.0.202007081208/tools/bin/../lib/gcc/arm-none-eabi/7.3.1/../../../../arm-none-eabi/lib/thumb/v7-m\libc_nano.a(lib_a-memset.o)
 .text          0x0000000000000000        0x0 c:/st/stm32cubeide_1.4.0/stm32cubeide/plugins/com.st.stm32cube.ide.mcu.externaltools.gnu-tools-for-stm32.7-2018-q2-update.win32_1.4.0.202007081208/tools/bin/../lib/gcc/arm-none-eabi/7.3.1/thumb/v7-m/crtend.o
 .data          0x0000000000000000        0x0 c:/st/stm32cubeide_1.4.0/stm32cubeide/plugins/com.st.stm32cube.ide.mcu.externaltools.gnu-tools-for-stm32.7-2018-q2-update.win32_1.4.0.202007081208/tools/bin/../lib/gcc/arm-none-eabi/7.3.1/thumb/v7-m/crtend.o
 .bss           0x0000000000000000        0x0 c:/st/stm32cubeide_1.4.0/stm32cubeide/plugins/com.st.stm32cube.ide.mcu.externaltools.gnu-tools-for-stm32.7-2018-q2-update.win32_1.4.0.202007081208/tools/bin/../lib/gcc/arm-none-eabi/7.3.1/thumb/v7-m/crtend.o
 .eh_frame      0x0000000000000000        0x4 c:/st/stm32cubeide_1.4.0/stm32cubeide/plugins/com.st.stm32cube.ide.mcu.externaltools.gnu-tools-for-stm32.7-2018-q2-update.win32_1.4.0.202007081208/tools/bin/../lib/gcc/arm-none-eabi/7.3.1/thumb/v7-m/crtend.o
 .ARM.attributes
                0x0000000000000000       0x2d c:/st/stm32cubeide_1.4.0/stm32cubeide/plugins/com.st.stm32cube.ide.mcu.externaltools.gnu-tools-for-stm32.7-2018-q2-update.win32_1.4.0.202007081208/tools/bin/../lib/gcc/arm-none-eabi/7.3.1/thumb/v7-m/crtend.o
 .text          0x0000000000000000        0x0 c:/st/stm32cubeide_1.4.0/stm32cubeide/plugins/com.st.stm32cube.ide.mcu.externaltools.gnu-tools-for-stm32.7-2018-q2-update.win32_1.4.0.202007081208/tools/bin/../lib/gcc/arm-none-eabi/7.3.1/thumb/v7-m/crtn.o
 .data          0x0000000000000000        0x0 c:/st/stm32cubeide_1.4.0/stm32cubeide/plugins/com.st.stm32cube.ide.mcu.externaltools.gnu-tools-for-stm32.7-2018-q2-update.win32_1.4.0.202007081208/tools/bin/../lib/gcc/arm-none-eabi/7.3.1/thumb/v7-m/crtn.o
 .bss           0x0000000000000000        0x0 c:/st/stm32cubeide_1.4.0/stm32cubeide/plugins/com.st.stm32cube.ide.mcu.externaltools.gnu-tools-for-stm32.7-2018-q2-update.win32_1.4.0.202007081208/tools/bin/../lib/gcc/arm-none-eabi/7.3.1/thumb/v7-m/crtn.o

Memory Configuration

Name             Origin             Length             Attributes
RAM              0x0000000020000000 0x0000000000002800 xrw
ROM              0x0000000008000000 0x0000000000008000 xr
*default*        0x0000000000000000 0xffffffffffffffff

Linker script and memory map

LOAD c:/st/stm32cubeide_1.4.0/stm32cubeide/plugins/com.st.stm32cube.ide.mcu.externaltools.gnu-tools-for-stm32.7-2018-q2-update.win32_1.4.0.202007081208/tools/bin/../lib/gcc/arm-none-eabi/7.3.1/thumb/v7-m/crti.o
LOAD c:/st/stm32cubeide_1.4.0/stm32cubeide/plugins/com.st.stm32cube.ide.mcu.externaltools.gnu-tools-for-stm32.7-2018-q2-update.win32_1.4.0.202007081208/tools/bin/../lib/gcc/arm-none-eabi/7.3.1/thumb/v7-m/crtbegin.o
LOAD c:/st/stm32cubeide_1.4.0/stm32cubeide/plugins/com.st.stm32cube.ide.mcu.externaltools.gnu-tools-for-stm32.7-2018-q2-update.win32_1.4.0.202007081208/tools/bin/../lib/gcc/arm-none-eabi/7.3.1/../../../../arm-none-eabi/lib/thumb/v7-m/crt0.o
LOAD STM32_F103C6_Drivers/GPIO/GPIO_Driver.o
LOAD STM32_F103C6_Drivers/Keypad/keypad.o
LOAD STM32_F103C6_Drivers/Lcd/lcd.o
LOAD Src/main.o
LOAD Src/syscalls.o
LOAD Src/sysmem.o
LOAD Startup/startup_stm32f103c6tx.o
START GROUP
LOAD c:/st/stm32cubeide_1.4.0/stm32cubeide/plugins/com.st.stm32cube.ide.mcu.externaltools.gnu-tools-for-stm32.7-2018-q2-update.win32_1.4.0.202007081208/tools/bin/../lib/gcc/arm-none-eabi/7.3.1/../../../../arm-none-eabi/lib/thumb/v7-m\libc_nano.a
LOAD c:/st/stm32cubeide_1.4.0/stm32cubeide/plugins/com.st.stm32cube.ide.mcu.externaltools.gnu-tools-for-stm32.7-2018-q2-update.win32_1.4.0.202007081208/tools/bin/../lib/gcc/arm-none-eabi/7.3.1/../../../../arm-none-eabi/lib/thumb/v7-m\libm.a
END GROUP
START GROUP
LOAD c:/st/stm32cubeide_1.4.0/stm32cubeide/plugins/com.st.stm32cube.ide.mcu.externaltools.gnu-tools-for-stm32.7-2018-q2-update.win32_1.4.0.202007081208/tools/bin/../lib/gcc/arm-none-eabi/7.3.1/thumb/v7-m\libgcc.a
LOAD c:/st/stm32cubeide_1.4.0/stm32cubeide/plugins/com.st.stm32cube.ide.mcu.externaltools.gnu-tools-for-stm32.7-2018-q2-update.win32_1.4.0.202007081208/tools/bin/../lib/gcc/arm-none-eabi/7.3.1/../../../../arm-none-eabi/lib/thumb/v7-m\libg_nano.a
LOAD c:/st/stm32cubeide_1.4.0/stm32cubeide/plugins/com.st.stm32cube.ide.mcu.externaltools.gnu-tools-for-stm32.7-2018-q2-update.win32_1.4.0.202007081208/tools/bin/../lib/gcc/arm-none-eabi/7.3.1/../../../../arm-none-eabi/lib/thumb/v7-m\libc_nano.a
END GROUP
START GROUP
LOAD c:/st/stm32cubeide_1.4.0/stm32cubeide/plugins/com.st.stm32cube.ide.mcu.externaltools.gnu-tools-for-stm32.7-2018-q2-update.win32_1.4.0.202007081208/tools/bin/../lib/gcc/arm-none-eabi/7.3.1/thumb/v7-m\libgcc.a
LOAD c:/st/stm32cubeide_1.4.0/stm32cubeide/plugins/com.st.stm32cube.ide.mcu.externaltools.gnu-tools-for-stm32.7-2018-q2-update.win32_1.4.0.202007081208/tools/bin/../lib/gcc/arm-none-eabi/7.3.1/../../../../arm-none-eabi/lib/thumb/v7-m\libc_nano.a
LOAD c:/st/stm32cubeide_1.4.0/stm32cubeide/plugins/com.st.stm32cube.ide.mcu.externaltools.gnu-tools-for-stm32.7-2018-q2-update.win32_1.4.0.202007081208/tools/bin/../lib/gcc/arm-none-eabi/7.3.1/../../../../arm-none-eabi/lib/thumb/v7-m\libnosys.a
END GROUP
START GROUP
LOAD c:/st/stm32cubeide_1.4.0/stm32cubeide/plugins/com.st.stm32cube.ide.mcu.externaltools.gnu-tools-for-stm32.7-2018-q2-update.win32_1.4.0.202007081208/tools/bin/../lib/gcc/arm-none-eabi/7.3.1/thumb/v7-m\libgcc.a
LOAD c:/st/stm32cubeide_1.4.0/stm32cubeide/plugins/com.st.stm32cube.ide.mcu.externaltools.gnu-tools-for-stm32.7-2018-q2-update.win32_1.4.0.202007081208/tools/bin/../lib/gcc/arm-none-eabi/7.3.1/../../../../arm-none-eabi/lib/thumb/v7-m\libc_nano.a
LOAD c:/st/stm32cubeide_1.4.0/stm32cubeide/plugins/com.st.stm32cube.ide.mcu.externaltools.gnu-tools-for-stm32.7-2018-q2-update.win32_1.4.0.202007081208/tools/bin/../lib/gcc/arm-none-eabi/7.3.1/../../../../arm-none-eabi/lib/thumb/v7-m\libnosys.a
END GROUP
LOAD c:/st/stm32cubeide_1.4.0/stm32cubeide/plugins/com.st.stm32cube.ide.mcu.externaltools.gnu-tools-for-stm32.7-2018-q2-update.win32_1.4.0.202007081208/tools/bin/../lib/gcc/arm-none-eabi/7.3.1/thumb/v7-m/crtend.o
LOAD c:/st/stm32cubeide_1.4.0/stm32cubeide/plugins/com.st.stm32cube.ide.mcu.externaltools.gnu-tools-for-stm32.7-2018-q2-update.win32_1.4.0.202007081208/tools/bin/../lib/gcc/arm-none-eabi/7.3.1/thumb/v7-m/crtn.o
                0x0000000020002800                _estack = (ORIGIN (RAM) + LENGTH (RAM))
                0x0000000000000200                _Min_Heap_Size = 0x200
                0x0000000000000400                _Min_Stack_Size = 0x400

.isr_vector     0x0000000008000000      0x130
                0x0000000008000000                . = ALIGN (0x4)
 *(.isr_vector)
 .isr_vector    0x0000000008000000      0x130 Startup/startup_stm32f103c6tx.o
                0x0000000008000000                g_pfnVectors
                0x0000000008000130                . = ALIGN (0x4)

.text           0x0000000008000130      0x7c0
                0x0000000008000130                . = ALIGN (0x4)
 *(.text)
 .text          0x0000000008000130       0x40 c:/st/stm32cubeide_1.4.0/stm32cubeide/plugins/com.st.stm32cube.ide.mcu.externaltools.gnu-tools-for-stm32.7-2018-q2-update.win32_1.4.0.202007081208/tools/bin/../lib/gcc/arm-none-eabi/7.3.1/thumb/v7-m/crtbegin.o
 *(.text*)
 .text.Get_CR_Pos
                0x0000000008000170       0xc8 STM32_F103C6_Drivers/GPIO/GPIO_Driver.o
                0x0000000008000170                Get_CR_Pos
 .text.MCAL_GPIO_Init
                0x0000000008000238       0xec STM32_F103C6_Drivers/GPIO/GPIO_Driver.o
                0x0000000008000238                MCAL_GPIO_Init
 .text.MCAL_GPIO_ReadPin
                0x0000000008000324       0x2e STM32_F103C6_Drivers/GPIO/GPIO_Driver.o
                0x0000000008000324                MCAL_GPIO_ReadPin
 .text.MCAL_GPIO_WritePin
                0x0000000008000352       0x2e STM32_F103C6_Drivers/GPIO/GPIO_Driver.o
                0x0000000008000352                MCAL_GPIO_WritePin
 .text.MCAL_GPIO_WritePort
                0x0000000008000380       0x1c STM32_F103C6_Drivers/GPIO/GPIO_Driver.o
                0x0000000008000380                MCAL_GPIO_WritePort
 .text.KEYPAD_INIT
                0x000000000800039c       0x88 STM32_F103C6_Drivers/Keypad/keypad.o
                0x000000000800039c                KEYPAD_INIT
 .text.KEYPAD_GET_CHAR
                0x0000000008000424      0x17c STM32_F103C6_Drivers/Keypad/keypad.o
                0x0000000008000424                KEYPAD_GET_CHAR
 .text._delay_ms
                0x00000000080005a0       0x38 STM32_F103C6_Drivers/Lcd/lcd.o
                0x00000000080005a0                _delay_ms
 .text.LCD_INIT
                0x00000000080005d8       0xb8 STM32_F103C6_Drivers/Lcd/lcd.o
                0x00000000080005d8                LCD_INIT
 .text.LCD_KICK
                0x0000000008000690       0x2c STM32_F103C6_Drivers/Lcd/lcd.o
                0x0000000008000690                LCD_KICK
 .text.LCD_isBusy
                0x00000000080006bc       0xa0 STM32_F103C6_Drivers/Lcd/lcd.o
                0x00000000080006bc                LCD_isBusy
 .text.LCD_WRITE_COMMAND
                0x000000000800075c       0x48 STM32_F103C6_Drivers/Lcd/lcd.o
                0x000000000800075c                LCD_WRITE_COMMAND
 .text.LCD_WRITE_CHAR
                0x00000000080007a4       0x50 STM32_F103C6_Drivers/Lcd/lcd.o
                0x00000000080007a4                LCD_WRITE_CHAR
 .text.LCD_clear_screen
                0x00000000080007f4        0xe STM32_F103C6_Drivers/Lcd/lcd.o
                0x00000000080007f4                LCD_clear_screen
 *fill*         0x0000000008000802        0x2 
 .text.main     0x0000000008000804       0x38 Src/main.o
                0x0000000008000804                main
 .text.Reset_Handler
                0x000000000800083c       0x50 Startup/startup_stm32f103c6tx.o
                0x000000000800083c                Reset_Handler
 .text.Default_Handler
                0x000000000800088c        0x2 Startup/startup_stm32f103c6tx.o
                0x000000000800088c                EXTI2_IRQHandler
                0x000000000800088c                TIM8_TRG_COM_IRQHandler
                0x000000000800088c                TIM8_CC_IRQHandler
                0x000000000800088c                DebugMon_Handler
                0x000000000800088c                TIM1_CC_IRQHandler
                0x000000000800088c                HardFault_Handler
                0x000000000800088c                TIM6_IRQHandler
                0x000000000800088c                SysTick_Handler
                0x000000000800088c                PVD_IRQHandler
                0x000000000800088c                SDIO_IRQHandler
                0x000000000800088c                PendSV_Handler
                0x000000000800088c                NMI_Handler
                0x000000000800088c                EXTI3_IRQHandler
                0x000000000800088c                USB_HP_CAN_TX_IRQHandler
                0x000000000800088c                EXTI0_IRQHandler
                0x000000000800088c                I2C2_EV_IRQHandler
                0x000000000800088c                UsageFault_Handler
                0x000000000800088c                ADC1_2_IRQHandler
                0x000000000800088c                SPI1_IRQHandler
                0x000000000800088c                CAN_SCE_IRQHandler
                0x000000000800088c                TAMPER_IRQHandler
                0x000000000800088c                TIM8_UP_IRQHandler
                0x000000000800088c                DMA2_Channel2_IRQHandler
                0x000000000800088c                DMA1_Channel4_IRQHandler
                0x000000000800088c                USART3_IRQHandler
                0x000000000800088c                RTC_IRQHandler
                0x000000000800088c                DMA1_Channel7_IRQHandler
                0x000000000800088c                UART5_IRQHandler
                0x000000000800088c                ADC3_IRQHandler
                0x000000000800088c                TIM4_IRQHandler
                0x000000000800088c                CAN_RX1_IRQHandler
                0x000000000800088c                DMA2_Channel1_IRQHandler
                0x000000000800088c                I2C1_EV_IRQHandler
                0x000000000800088c                DMA1_Channel6_IRQHandler
                0x000000000800088c                UART4_IRQHandler
                0x000000000800088c                TIM3_IRQHandler
                0x000000000800088c                RCC_IRQHandler
                0x000000000800088c                TIM1_TRG_COM_IRQHandler
                0x000000000800088c                DMA1_Channel1_IRQHandler
                0x000000000800088c                Default_Handler
                0x000000000800088c                EXTI15_10_IRQHandler
                0x000000000800088c                TIM7_IRQHandler
                0x000000000800088c                TIM5_IRQHandler
                0x000000000800088c                EXTI9_5_IRQHandler
                0x000000000800088c                SPI2_IRQHandler
                0x000000000800088c                USB_LP_CAN_RX0_IRQHandler
                0x000000000800088c                MemManage_Handler
                0x000000000800088c                SVC_Handler
                0x000000000800088c                DMA1_Channel5_IRQHandler
                0x000000000800088c                EXTI4_IRQHandler
                0x000000000800088c                DMA1_Channel3_IRQHandler
                0x000000000800088c                FSMC_IRQHandler
                0x000000000800088c                TIM1_UP_IRQHandler
                0x000000000800088c                WWDG_IRQHandler
                0x000000000800088c                TIM2_IRQHandler
                0x000000000800088c                TIM1_BRK_IRQHandler
                0x000000000800088c                EXTI1_IRQHandler
                0x000000000800088c                RTCAlarm_IRQHandler
                0x000000000800088c                DMA2_Channel4_5_IRQHandler
                0x000000000800088c                USART2_IRQHandler
                0x000000000800088c                I2C2_ER_IRQHandler
                0x000000000800088c                DMA1_Channel2_IRQHandler
                0x000000000800088c                TIM8_BRK_IRQHandler
                0x000000000800088c                FLASH_IRQHandler
                0x000000000800088c                BusFault_Handler
                0x000000000800088c                USART1_IRQHandler
                0x000000000800088c                SPI3_IRQHandler
                0x000000000800088c                I2C1_ER_IRQHandler
                0x000000000800088c                DMA2_Channel3_IRQHandler
 *fill*         0x000000000800088e        0x2 
 .text.__libc_init_array
                0x0000000008000890       0x48 c:/st/stm32cubeide_1.4.0/stm32cubeide/plugins/com.st.stm32cube.ide.mcu.externaltools.gnu-tools-for-stm32.7-2018-q2-update.win32_1.4.0.202007081208/tools/bin/../lib/gcc/arm-none-eabi/7.3.1/../../../../arm-none-eabi/lib/thumb/v7-m\libc_nano.a(lib_a-init.o)
                0x0000000008000890                __libc_init_array
 *(.glue_7)
 .glue_7        0x00000000080008d8        0x0 linker stubs
 *(.glue_7t)
 .glue_7t       0x00000000080008d8        0x0 linker stubs
 *(.eh_frame)
 .eh_frame      0x00000000080008d8        0x0 c:/st/stm32cubeide_1.4.0/stm32cubeide/plugins/com.st.stm32cube.ide.mcu.externaltools.gnu-tools-for-stm32.7-2018-q2-update.win32_1.4.0.202007081208/tools/bin/../lib/gcc/arm-none-eabi/7.3.1/thumb/v7-m/crtbegin.o
 *(.init)
 .init          0x00000000080008d8        0x4 c:/st/stm32cubeide_1.4.0/stm32cubeide/plugins/com.st.stm32cube.ide.mcu.externaltools.gnu-tools-for-stm32.7-2018-q2-update.win32_1.4.0.202007081208/tools/bin/../lib/gcc/arm-none-eabi/7.3.1/thumb/v7-m/crti.o
                0x00000000080008d8                _init
 .init          0x00000000080008dc        0x8 c:/st/stm32cubeide_1.4.0/stm32cubeide/plugins/com.st.stm32cube.ide.mcu.externaltools.gnu-tools-for-stm32.7-2018-q2-update.win32_1.4.0.202007081208/tools/bin/../lib/gcc/arm-none-eabi/7.3.1/thumb/v7-m/crtn.o
 *(.fini)
 .fini          0x00000000080008e4        0x4 c:/st/stm32cubeide_1.4.0/stm32cubeide/plugins/com.st.stm32cube.ide.mcu.externaltools.gnu-tools-for-stm32.7-2018-q2-update.win32_1.4.0.202007081208/tools/bin/../lib/gcc/arm-none-eabi/7.3.1/thumb/v7-m/crti.o
                0x00000000080008e4                _fini
 .fini          0x00000000080008e8        0x8 c:/st/stm32cubeide_1.4.0/stm32cubeide/plugins/com.st.stm32cube.ide.mcu.externaltools.gnu-tools-for-stm32.7-2018-q2-update.win32_1.4.0.202007081208/tools/bin/../lib/gcc/arm-none-eabi/7.3.1/thumb/v7-m/crtn.o
                0x00000000080008f0                . = ALIGN (0x4)
                0x00000000080008f0                _etext = .

.vfp11_veneer   0x00000000080008f0        0x0
 .vfp11_veneer  0x00000000080008f0        0x0 linker stubs

.v4_bx          0x00000000080008f0        0x0
 .v4_bx         0x00000000080008f0        0x0 linker stubs

.iplt           0x00000000080008f0        0x0
 .iplt          0x00000000080008f0        0x0 c:/st/stm32cubeide_1.4.0/stm32cubeide/plugins/com.st.stm32cube.ide.mcu.externaltools.gnu-tools-for-stm32.7-2018-q2-update.win32_1.4.0.202007081208/tools/bin/../lib/gcc/arm-none-eabi/7.3.1/thumb/v7-m/crtbegin.o

.rel.dyn        0x00000000080008f0        0x0
 .rel.iplt      0x00000000080008f0        0x0 c:/st/stm32cubeide_1.4.0/stm32cubeide/plugins/com.st.stm32cube.ide.mcu.externaltools.gnu-tools-for-stm32.7-2018-q2-update.win32_1.4.0.202007081208/tools/bin/../lib/gcc/arm-none-eabi/7.3.1/thumb/v7-m/crtbegin.o

.rodata         0x00000000080008f0        0x0
                0x00000000080008f0                . = ALIGN (0x4)
 *(.rodata)
 *(.rodata*)
                0x00000000080008f0                . = ALIGN (0x4)

.ARM.extab      0x00000000080008f0        0x0
                0x00000000080008f0                . = ALIGN (0x4)
 *(.ARM.extab* .gnu.linkonce.armextab.*)
                0x00000000080008f0                . = ALIGN (0x4)

.ARM            0x00000000080008f0        0x0
                0x00000000080008f0                . = ALIGN (0x4)
                0x00000000080008f0                __exidx_start = .
 *(.ARM.exidx*)
                0x00000000080008f0                __exidx_end = .
                0x00000000080008f0                . = ALIGN (0x4)

.preinit_array  0x00000000080008f0        0x0
                0x00000000080008f0                . = ALIGN (0x4)
                0x00000000080008f0                PROVIDE (__preinit_array_start = .)
 *(.preinit_array*)
                0x00000000080008f0                PROVIDE (__preinit_array_end = .)
                0x00000000080008f0                . = ALIGN (0x4)

.init_array     0x00000000080008f0        0x4
                0x00000000080008f0                . = ALIGN (0x4)
                0x00000000080008f0                PROVIDE (__init_array_start = .)
 *(SORT_BY_NAME(.init_array.*))
 *(.init_array*)
 .init_array    0x00000000080008f0        0x4 c:/st/stm32cubeide_1.4.0/stm32cubeide/plugins/com.st.stm32cube.ide.mcu.externaltools.gnu-tools-for-stm32.7-2018-q2-update.win32_1.4.0.202007081208/tools/bin/../lib/gcc/arm-none-eabi/7.3.1/thumb/v7-m/crtbegin.o
                0x00000000080008f4                PROVIDE (__init_array_end = .)
                0x00000000080008f4                . = ALIGN (0x4)

.fini_array     0x00000000080008f4        0x4
                0x00000000080008f4                . = ALIGN (0x4)
                [!provide]                        PROVIDE (__fini_array_start = .)
 *(SORT_BY_NAME(.fini_array.*))
 *(.fini_array*)
 .fini_array    0x00000000080008f4        0x4 c:/st/stm32cubeide_1.4.0/stm32cubeide/plugins/com.st.stm32cube.ide.mcu.externaltools.gnu-tools-for-stm32.7-2018-q2-update.win32_1.4.0.202007081208/tools/bin/../lib/gcc/arm-none-eabi/7.3.1/thumb/v7-m/crtbegin.o
                [!provide]                        PROVIDE (__fini_array_end = .)
                0x00000000080008f8                . = ALIGN (0x4)
                0x00000000080008f8                _sidata = LOADADDR (.data)

.data           0x0000000020000000       0x40 load address 0x00000000080008f8
                0x0000000020000000                . = ALIGN (0x4)
                0x0000000020000000                _sdata = .
 *(.data)
 *(.data*)
 .data.KEYPAD_Row
                0x0000000020000000       0x10 STM32_F103C6_Drivers/Keypad/keypad.o
                0x0000000020000000                KEYPAD_Row
 .data.KEYPAD_Col
                0x0000000020000010       0x10 STM32_F103C6_Drivers/Keypad/keypad.o
                0x0000000020000010                KEYPAD_Col
 .data.GPIO_PIN
                0x0000000020000020       0x20 STM32_F103C6_Drivers/Lcd/lcd.o
                0x0000000020000020                GPIO_PIN
                0x0000000020000040                . = ALIGN (0x4)
                0x0000000020000040                _edata = .

.igot.plt       0x0000000020000040        0x0 load address 0x0000000008000938
 .igot.plt      0x0000000020000040        0x0 c:/st/stm32cubeide_1.4.0/stm32cubeide/plugins/com.st.stm32cube.ide.mcu.externaltools.gnu-tools-for-stm32.7-2018-q2-update.win32_1.4.0.202007081208/tools/bin/../lib/gcc/arm-none-eabi/7.3.1/thumb/v7-m/crtbegin.o
                0x0000000020000040                . = ALIGN (0x4)

.bss            0x0000000020000040       0x20 load address 0x0000000008000938
                0x0000000020000040                _sbss = .
                0x0000000020000040                __bss_start__ = _sbss
 *(.bss)
 .bss           0x0000000020000040       0x1c c:/st/stm32cubeide_1.4.0/stm32cubeide/plugins/com.st.stm32cube.ide.mcu.externaltools.gnu-tools-for-stm32.7-2018-q2-update.win32_1.4.0.202007081208/tools/bin/../lib/gcc/arm-none-eabi/7.3.1/thumb/v7-m/crtbegin.o
 *(.bss*)
 *(COMMON)
 COMMON         0x000000002000005c        0x4 STM32_F103C6_Drivers/Keypad/keypad.o
                0x000000002000005c                PinCfg
                0x0000000020000060                . = ALIGN (0x4)
                0x0000000020000060                _ebss = .
                0x0000000020000060                __bss_end__ = _ebss

._user_heap_stack
                0x0000000020000060      0x600 load address 0x0000000008000938
                0x0000000020000060                . = ALIGN (0x8)
                [!provide]                        PROVIDE (end = .)
                0x0000000020000060                PROVIDE (_end = .)
                0x0000000020000260                . = (. + _Min_Heap_Size)
 *fill*         0x0000000020000060      0x200 
                0x0000000020000660                . = (. + _Min_Stack_Size)
 *fill*         0x0000000020000260      0x400 
                0x0000000020000660                . = ALIGN (0x8)

/DISCARD/
 libc.a(*)
 libm.a(*)
 libgcc.a(*)

.ARM.attributes
                0x0000000000000000       0x29
 *(.ARM.attributes)
 .ARM.attributes
                0x0000000000000000       0x1d c:/st/stm32cubeide_1.4.0/stm32cubeide/plugins/com.st.stm32cube.ide.mcu.externaltools.gnu-tools-for-stm32.7-2018-q2-update.win32_1.4.0.202007081208/tools/bin/../lib/gcc/arm-none-eabi/7.3.1/thumb/v7-m/crti.o
 .ARM.attributes
                0x000000000000001d       0x2d c:/st/stm32cubeide_1.4.0/stm32cubeide/plugins/com.st.stm32cube.ide.mcu.externaltools.gnu-tools-for-stm32.7-2018-q2-update.win32_1.4.0.202007081208/tools/bin/../lib/gcc/arm-none-eabi/7.3.1/thumb/v7-m/crtbegin.o
 .ARM.attributes
                0x000000000000004a       0x33 STM32_F103C6_Drivers/GPIO/GPIO_Driver.o
 .ARM.attributes
                0x000000000000007d       0x33 STM32_F103C6_Drivers/Keypad/keypad.o
 .ARM.attributes
                0x00000000000000b0       0x33 STM32_F103C6_Drivers/Lcd/lcd.o
 .ARM.attributes
                0x00000000000000e3       0x33 Src/main.o
 .ARM.attributes
                0x0000000000000116       0x21 Startup/startup_stm32f103c6tx.o
 .ARM.attributes
                0x0000000000000137       0x2d c:/st/stm32cubeide_1.4.0/stm32cubeide/plugins/com.st.stm32cube.ide.mcu.externaltools.gnu-tools-for-stm32.7-2018-q2-update.win32_1.4.0.202007081208/tools/bin/../lib/gcc/arm-none-eabi/7.3.1/../../../../arm-none-eabi/lib/thumb/v7-m\libc_nano.a(lib_a-init.o)
 .ARM.attributes
                0x0000000000000164       0x1d c:/st/stm32cubeide_1.4.0/stm32cubeide/plugins/com.st.stm32cube.ide.mcu.externaltools.gnu-tools-for-stm32.7-2018-q2-update.win32_1.4.0.202007081208/tools/bin/../lib/gcc/arm-none-eabi/7.3.1/thumb/v7-m/crtn.o
OUTPUT(Lab 3.elf elf32-littlearm)

.debug_info     0x0000000000000000     0x2f21
 .debug_info    0x0000000000000000      0xd33 STM32_F103C6_Drivers/GPIO/GPIO_Driver.o
 .debug_info    0x0000000000000d33      0xb2d STM32_F103C6_Drivers/Keypad/keypad.o
 .debug_info    0x0000000000001860      0xc20 STM32_F103C6_Drivers/Lcd/lcd.o
 .debug_info    0x0000000000002480      0xa7f Src/main.o
 .debug_info    0x0000000000002eff       0x22 Startup/startup_stm32f103c6tx.o

.debug_abbrev   0x0000000000000000      0x73b
 .debug_abbrev  0x0000000000000000      0x1ed STM32_F103C6_Drivers/GPIO/GPIO_Driver.o
 .debug_abbrev  0x00000000000001ed      0x1af STM32_F103C6_Drivers/Keypad/keypad.o
 .debug_abbrev  0x000000000000039c      0x1eb STM32_F103C6_Drivers/Lcd/lcd.o
 .debug_abbrev  0x0000000000000587      0x1a2 Src/main.o
 .debug_abbrev  0x0000000000000729       0x12 Startup/startup_stm32f103c6tx.o

.debug_loc      0x0000000000000000      0x690
 .debug_loc     0x0000000000000000      0x330 STM32_F103C6_Drivers/GPIO/GPIO_Driver.o
 .debug_loc     0x0000000000000330       0xa0 STM32_F103C6_Drivers/Keypad/keypad.o
 .debug_loc     0x00000000000003d0      0x294 STM32_F103C6_Drivers/Lcd/lcd.o
 .debug_loc     0x0000000000000664       0x2c Src/main.o

.debug_aranges  0x0000000000000000      0x130
 .debug_aranges
                0x0000000000000000       0x60 STM32_F103C6_Drivers/GPIO/GPIO_Driver.o
 .debug_aranges
                0x0000000000000060       0x28 STM32_F103C6_Drivers/Keypad/keypad.o
 .debug_aranges
                0x0000000000000088       0x60 STM32_F103C6_Drivers/Lcd/lcd.o
 .debug_aranges
                0x00000000000000e8       0x20 Src/main.o
 .debug_aranges
                0x0000000000000108       0x28 Startup/startup_stm32f103c6tx.o

.debug_ranges   0x0000000000000000       0xe8
 .debug_ranges  0x0000000000000000       0x50 STM32_F103C6_Drivers/GPIO/GPIO_Driver.o
 .debug_ranges  0x0000000000000050       0x18 STM32_F103C6_Drivers/Keypad/keypad.o
 .debug_ranges  0x0000000000000068       0x50 STM32_F103C6_Drivers/Lcd/lcd.o
 .debug_ranges  0x00000000000000b8       0x10 Src/main.o
 .debug_ranges  0x00000000000000c8       0x20 Startup/startup_stm32f103c6tx.o

.debug_macro    0x0000000000000000     0x1f3b
 .debug_macro   0x0000000000000000      0x13f STM32_F103C6_Drivers/GPIO/GPIO_Driver.o
 .debug_macro   0x000000000000013f      0xa60 STM32_F103C6_Drivers/GPIO/GPIO_Driver.o
 .debug_macro   0x0000000000000b9f       0x18 STM32_F103C6_Drivers/GPIO/GPIO_Driver.o
 .debug_macro   0x0000000000000bb7       0x22 STM32_F103C6_Drivers/GPIO/GPIO_Driver.o
 .debug_macro   0x0000000000000bd9       0x40 STM32_F103C6_Drivers/GPIO/GPIO_Driver.o
 .debug_macro   0x0000000000000c19       0x94 STM32_F103C6_Drivers/GPIO/GPIO_Driver.o
 .debug_macro   0x0000000000000cad       0x3c STM32_F103C6_Drivers/GPIO/GPIO_Driver.o
 .debug_macro   0x0000000000000ce9       0x34 STM32_F103C6_Drivers/GPIO/GPIO_Driver.o
 .debug_macro   0x0000000000000d1d       0x16 STM32_F103C6_Drivers/GPIO/GPIO_Driver.o
 .debug_macro   0x0000000000000d33      0x10e STM32_F103C6_Drivers/GPIO/GPIO_Driver.o
 .debug_macro   0x0000000000000e41       0x8d STM32_F103C6_Drivers/GPIO/GPIO_Driver.o
 .debug_macro   0x0000000000000ece       0x57 STM32_F103C6_Drivers/GPIO/GPIO_Driver.o
 .debug_macro   0x0000000000000f25       0x52 STM32_F103C6_Drivers/GPIO/GPIO_Driver.o
 .debug_macro   0x0000000000000f77       0x1f STM32_F103C6_Drivers/GPIO/GPIO_Driver.o
 .debug_macro   0x0000000000000f96       0x43 STM32_F103C6_Drivers/GPIO/GPIO_Driver.o
 .debug_macro   0x0000000000000fd9       0x20 STM32_F103C6_Drivers/GPIO/GPIO_Driver.o
 .debug_macro   0x0000000000000ff9      0x1a3 STM32_F103C6_Drivers/GPIO/GPIO_Driver.o
 .debug_macro   0x000000000000119c      0x330 STM32_F103C6_Drivers/GPIO/GPIO_Driver.o
 .debug_macro   0x00000000000014cc       0x16 STM32_F103C6_Drivers/GPIO/GPIO_Driver.o
 .debug_macro   0x00000000000014e2       0x29 STM32_F103C6_Drivers/GPIO/GPIO_Driver.o
 .debug_macro   0x000000000000150b       0xef STM32_F103C6_Drivers/GPIO/GPIO_Driver.o
 .debug_macro   0x00000000000015fa       0x6a STM32_F103C6_Drivers/GPIO/GPIO_Driver.o
 .debug_macro   0x0000000000001664      0x1df STM32_F103C6_Drivers/GPIO/GPIO_Driver.o
 .debug_macro   0x0000000000001843       0xb2 STM32_F103C6_Drivers/GPIO/GPIO_Driver.o
 .debug_macro   0x00000000000018f5       0xca STM32_F103C6_Drivers/GPIO/GPIO_Driver.o
 .debug_macro   0x00000000000019bf      0x148 STM32_F103C6_Drivers/Keypad/keypad.o
 .debug_macro   0x0000000000001b07       0xd0 STM32_F103C6_Drivers/Keypad/keypad.o
 .debug_macro   0x0000000000001bd7       0x40 STM32_F103C6_Drivers/Keypad/keypad.o
 .debug_macro   0x0000000000001c17      0x148 STM32_F103C6_Drivers/Lcd/lcd.o
 .debug_macro   0x0000000000001d5f       0x94 STM32_F103C6_Drivers/Lcd/lcd.o
 .debug_macro   0x0000000000001df3      0x148 Src/main.o

.debug_line     0x0000000000000000     0x1ad1
 .debug_line    0x0000000000000000      0x659 STM32_F103C6_Drivers/GPIO/GPIO_Driver.o
 .debug_line    0x0000000000000659      0x6de STM32_F103C6_Drivers/Keypad/keypad.o
 .debug_line    0x0000000000000d37      0x6ef STM32_F103C6_Drivers/Lcd/lcd.o
 .debug_line    0x0000000000001426      0x627 Src/main.o
 .debug_line    0x0000000000001a4d       0x84 Startup/startup_stm32f103c6tx.o

.debug_str      0x0000000000000000     0x7b3a
 .debug_str     0x0000000000000000     0x75c6 STM32_F103C6_Drivers/GPIO/GPIO_Driver.o
                                       0x782d (size before relaxing)
 .debug_str     0x00000000000075c6       0xfe STM32_F103C6_Drivers/Keypad/keypad.o
                                       0x77f0 (size before relaxing)
 .debug_str     0x00000000000076c4      0x432 STM32_F103C6_Drivers/Lcd/lcd.o
                                       0x7b36 (size before relaxing)
 .debug_str     0x0000000000007af6       0x13 Src/main.o
                                       0x7a5b (size before relaxing)
 .debug_str     0x0000000000007b09       0x31 Startup/startup_stm32f103c6tx.o
                                         0x7f (size before relaxing)

.comment        0x0000000000000000       0x7b
 .comment       0x0000000000000000       0x7b STM32_F103C6_Drivers/GPIO/GPIO_Driver.o
                                         0x7c (size before relaxing)
 .comment       0x000000000000007b       0x7c STM32_F103C6_Drivers/Keypad/keypad.o
 .comment       0x000000000000007b       0x7c STM32_F103C6_Drivers/Lcd/lcd.o
 .comment       0x000000000000007b       0x7c Src/main.o

.debug_frame    0x0000000000000000      0x370
 .debug_frame   0x0000000000000000      0x178 STM32_F103C6_Drivers/GPIO/GPIO_Driver.o
 .debug_frame   0x0000000000000178       0x58 STM32_F103C6_Drivers/Keypad/keypad.o
 .debug_frame   0x00000000000001d0      0x148 STM32_F103C6_Drivers/Lcd/lcd.o
 .debug_frame   0x0000000000000318       0x2c Src/main.o
 .debug_frame   0x0000000000000344       0x2c c:/st/stm32cubeide_1.4.0/stm32cubeide/plugins/com.st.stm32cube.ide.mcu.externaltools.gnu-tools-for-stm32.7-2018-q2-update.win32_1.4.0.202007081208/tools/bin/../lib/gcc/arm-none-eabi/7.3.1/../../../../arm-none-eabi/lib/thumb/v7-m\libc_nano.a(lib_a-init.o)
