
Memory Configuration

Name             Origin             Length             Attributes
flash            0x08000000         0x00020000         xr
sram             0x20000000         0x00005000         xrw
*default*        0x00000000         0xffffffff

Linker script and memory map


.text           0x08000000      0x130
 *(.vectors*)
 .vectors       0x08000000       0x50 startup.o
 *(.text*)
 .text          0x08000050       0xd4 main.o
                0x08000050                main
 .text          0x08000124        0xc startup.o

.rodata         0x08000130        0x4
 .rodata        0x08000130        0x4 main.o
                0x08000130                const_variables

.data           0x08000134        0x8
 .data          0x08000134        0x8 main.o
                0x08000134                R_ODR
                0x08000138                g_variables
 .data          0x0800013c        0x0 startup.o

.igot.plt       0x0800013c        0x0
 .igot.plt      0x00000000        0x0 main.o

.glue_7         0x0800013c        0x0
 .glue_7        0x00000000        0x0 linker stubs

.glue_7t        0x0800013c        0x0
 .glue_7t       0x00000000        0x0 linker stubs

.vfp11_veneer   0x0800013c        0x0
 .vfp11_veneer  0x00000000        0x0 linker stubs

.v4_bx          0x0800013c        0x0
 .v4_bx         0x00000000        0x0 linker stubs

.iplt           0x0800013c        0x0
 .iplt          0x00000000        0x0 main.o

.rel.dyn        0x0800013c        0x0
 .rel.iplt      0x00000000        0x0 main.o

.bss            0x20000000        0x0
 *(.bss*)
 .bss           0x20000000        0x0 main.o
 .bss           0x20000000        0x0 startup.o
LOAD main.o
LOAD startup.o
OUTPUT(learn-in-depth.elf elf32-littlearm)

.debug_info     0x00000000      0x1b1
 .debug_info    0x00000000      0x15b main.o
 .debug_info    0x0000015b       0x56 startup.o

.debug_abbrev   0x00000000       0xf9
 .debug_abbrev  0x00000000       0xe5 main.o
 .debug_abbrev  0x000000e5       0x14 startup.o

.debug_loc      0x00000000       0x2c
 .debug_loc     0x00000000       0x2c main.o

.debug_aranges  0x00000000       0x40
 .debug_aranges
                0x00000000       0x20 main.o
 .debug_aranges
                0x00000020       0x20 startup.o

.debug_line     0x00000000       0x91
 .debug_line    0x00000000       0x56 main.o
 .debug_line    0x00000056       0x3b startup.o

.debug_str      0x00000000       0xe0
 .debug_str     0x00000000       0xe0 main.o
                                0x119 (size before relaxing)

.comment        0x00000000       0x11
 .comment       0x00000000       0x11 main.o
                                 0x12 (size before relaxing)

.ARM.attributes
                0x00000000       0x30
 .ARM.attributes
                0x00000000       0x32 main.o
 .ARM.attributes
                0x00000032       0x22 startup.o

.debug_frame    0x00000000       0x28
 .debug_frame   0x00000000       0x28 main.o
