
Memory Configuration

Name             Origin             Length             Attributes
flash            0x0000000000000000 0x0000000000020000 xr
sram             0x0000000020000000 0x0000000000005000 xrw
*default*        0x0000000000000000 0xffffffffffffffff

Linker script and memory map


.text           0x0000000000000000      0x134
 *(.vectors*)
 .vectors       0x0000000000000000       0x10 startup.o
                0x0000000000000000                g_p_fn_Vectors
 *(.text*)
 .text          0x0000000000000010       0x8c main.o
                0x0000000000000010                main
 .text          0x000000000000009c       0x98 startup.o
                0x000000000000009c                H_fault_Handler
                0x000000000000009c                Default_Handler
                0x000000000000009c                NMI_Handler
                0x00000000000000a8                Reset_Handler
 *(.rodata)
                0x0000000000000134                _E_text = .

.glue_7         0x0000000000000134        0x0
 .glue_7        0x0000000000000134        0x0 linker stubs

.glue_7t        0x0000000000000134        0x0
 .glue_7t       0x0000000000000134        0x0 linker stubs

.vfp11_veneer   0x0000000000000134        0x0
 .vfp11_veneer  0x0000000000000134        0x0 linker stubs

.v4_bx          0x0000000000000134        0x0
 .v4_bx         0x0000000000000134        0x0 linker stubs

.iplt           0x0000000000000134        0x0
 .iplt          0x0000000000000134        0x0 main.o

.rel.dyn        0x0000000000000134        0x0
 .rel.iplt      0x0000000000000134        0x0 main.o

.data           0x0000000020000000        0x0 load address 0x0000000000000134
                0x0000000020000000                _S_DATA = .
 *(.data)
 .data          0x0000000020000000        0x0 main.o
 .data          0x0000000020000000        0x0 startup.o
                0x0000000020000000                . = ALIGN (0x4)
                0x0000000020000000                _E_DATA = .

.igot.plt       0x0000000020000000        0x0 load address 0x0000000000000134
 .igot.plt      0x0000000020000000        0x0 main.o

.bss            0x0000000020000000      0x400 load address 0x0000000000000134
                0x0000000020000000                _S_bss = .
 *(.bss*)
 .bss           0x0000000020000000        0x0 main.o
 .bss           0x0000000020000000      0x400 startup.o
                0x0000000020000400                _E_bss = .
LOAD main.o
LOAD startup.o
OUTPUT(unit3_lab4_cortexM4.elf elf32-littlearm)

.debug_info     0x0000000000000000      0xb39
 .debug_info    0x0000000000000000      0x9a2 main.o
 .debug_info    0x00000000000009a2      0x197 startup.o

.debug_abbrev   0x0000000000000000      0x263
 .debug_abbrev  0x0000000000000000      0x18e main.o
 .debug_abbrev  0x000000000000018e       0xd5 startup.o

.debug_loc      0x0000000000000000       0xb4
 .debug_loc     0x0000000000000000       0x38 main.o
 .debug_loc     0x0000000000000038       0x7c startup.o

.debug_aranges  0x0000000000000000       0x40
 .debug_aranges
                0x0000000000000000       0x20 main.o
 .debug_aranges
                0x0000000000000020       0x20 startup.o

.debug_line     0x0000000000000000      0x3f4
 .debug_line    0x0000000000000000      0x200 main.o
 .debug_line    0x0000000000000200      0x1f4 startup.o

.debug_str      0x0000000000000000      0x55f
 .debug_str     0x0000000000000000      0x4d2 main.o
                                        0x530 (size before relaxing)
 .debug_str     0x00000000000004d2       0x8d startup.o
                                        0x1c7 (size before relaxing)

.comment        0x0000000000000000       0x7b
 .comment       0x0000000000000000       0x7b main.o
                                         0x7c (size before relaxing)
 .comment       0x000000000000007b       0x7c startup.o

.ARM.attributes
                0x0000000000000000       0x33
 .ARM.attributes
                0x0000000000000000       0x33 main.o
 .ARM.attributes
                0x0000000000000033       0x33 startup.o

.debug_frame    0x0000000000000000       0x7c
 .debug_frame   0x0000000000000000       0x2c main.o
 .debug_frame   0x000000000000002c       0x50 startup.o
